2026-10-06T08:41:15.650Z PAGE[browser tab] load / mode=browser tab
2026-10-06T08:41:15.687Z PAGE[browser tab] sw registered
2026-10-06T08:41:15.700Z PAGE[browser tab] {"onLoad":"no handle stored"}
2026-10-06T08:41:18.701Z PAGE[browser tab] load / mode=browser tab
2026-10-06T08:41:18.705Z PAGE[browser tab] sw registered
2026-10-06T08:41:18.707Z PAGE[browser tab] {"onLoad":"no handle stored"}
2026-10-06T08:41:21.850Z PAGE[browser tab] {"env":{"ua":"Mozilla/5.0 (Linux; Android 10; K) AppleWebKit/537.36 (KHTML, like Gecko) Chrome/145.0.0.0 Mobile Safari/537.36","secure":true,"mode":"browser tab","origin":"http://localhost:3126","showDirectoryPicker":"function","showOpenFilePicker":"function","showSaveFilePicker":"function","storageGetDirectory":"function","storagePersist":"function","serviceWorker":true,"controller":true,"estimate":{"quota":3736869273,"usage":3468,"usageDetails":{"indexedDB":1218,"serviceWorkerRegistrations":2250}},"memory":{"usedKB":9766,"limitMB":1020}}}
2026-10-06T08:41:25.965Z PAGE[browser tab] {"pickDir":"error","name":"AbortError","message":"Failed to execute 'showDirectoryPicker' on 'Window': The user aborted a request.","ms":2}
2026-10-06T08:41:45.649Z PAGE[browser tab] {"pickDir":"error","name":"AbortError","message":"Failed to execute 'showDirectoryPicker' on 'Window': The user aborted a request.","ms":0.6}
2026-10-06T08:42:44.296Z PAGE[browser tab] {"pickDir":"ok","name":"Books","kind":"directory","ms":47152.1}
2026-10-06T08:42:44.299Z PAGE[browser tab] handle stored in IndexedDB
2026-10-06T08:42:52.127Z PAGE[browser tab] {"perm":{"name":"Books","query":"granted","queryMs":1.3,"listing":"gutenberg-1399-anna-karenina.epub"}}
2026-10-06T08:42:52.394Z PAGE[browser tab] {"scan":{"files":5,"ms":83.5,"msPerFile":16.7,"totalMB":5.5}}
2026-10-06T08:42:52.397Z PAGE[browser tab] {"list":[{"path":"gutenberg-1399-anna-karenina.epub","size":1029762,"lastModified":1791276034000,"type":"application/epub+zip"},{"path":"gutenberg-2600-war-and-peace.epub","size":1832521,"lastModified":1791276034000,"type":"application/epub+zip"},{"path":"gutenberg-2701-moby-dick.epub","size":814108,"lastModified":1791275640000,"type":"application/epub+zip"},{"path":"gutenberg-345-dracula.epub","size":602902,"lastModified":1791275630000,"type":"application/epub+zip"},{"path":"gutenberg-4300-ulysses.epub","size":1494555,"lastModified":1791276034000,"type":"application/epub+zip"}]}
2026-10-06T08:42:52.635Z PAGE[browser tab] {"read":"gutenberg-1399-anna-karenina.epub","size":1029762,"getFileMs":51.8,"arrayBufferMs":35.3,"totalMs":51.8,"magic":"PK","mime":"application/epub+zip"}
2026-10-06T08:42:52.883Z PAGE[browser tab] {"read":"gutenberg-2600-war-and-peace.epub","size":1832521,"getFileMs":55.9,"arrayBufferMs":34.7,"totalMs":55.9,"magic":"PK","mime":"application/epub+zip"}
2026-10-06T08:42:54.171Z PAGE[browser tab] {"meta":{"path":"gutenberg-1399-anna-karenina.epub","sizeMB":0.98,"zipjsMs":194,"zipjsHeapDeltaKB":0,"fflateMs":31.9,"fflateHeapDeltaKB":0,"entries":21,"opfPath":"OEBPS/content.opf","identifiers":["http://www.gutenberg.org/1399"],"title":"Anna Karenina","creator":"graf Leo Tolstoy","language":"en","coverHref":"OEBPS/259507428977401854_cover.jpg","coverSize":260223,"fflate":{"title":"Anna Karenina","identifiers":["http://www.gutenberg.org/1399"]}}}
2026-10-06T08:42:54.175Z PAGE[browser tab] {"meta":{"path":"gutenberg-2600-war-and-peace.epub","sizeMB":1.75,"zipjsMs":172.3,"zipjsHeapDeltaKB":0,"fflateMs":34,"fflateHeapDeltaKB":0,"entries":377,"opfPath":"OEBPS/content.opf","identifiers":["http://www.gutenberg.org/2600"],"title":"War and Peace","creator":"graf Leo Tolstoy","language":"en","coverHref":"OEBPS/2640417782409466692_cover.jpg","coverSize":108656,"fflate":{"title":"War and Peace","identifiers":["http://www.gutenberg.org/2600"]}}}
2026-10-06T08:42:54.180Z PAGE[browser tab] {"meta":{"path":"gutenberg-2701-moby-dick.epub","sizeMB":0.78,"zipjsMs":162.4,"zipjsHeapDeltaKB":0,"fflateMs":27.5,"fflateHeapDeltaKB":0,"entries":22,"opfPath":"OEBPS/content.opf","identifiers":["http://www.gutenberg.org/2701"],"title":"Moby Dick; Or, The Whale","creator":"Herman Melville","language":"en","coverHref":"OEBPS/2987456118100817654_cover.jpg","coverSize":257017,"fflate":{"title":"Moby Dick; Or, The Whale","identifiers":["http://www.gutenberg.org/2701"]}}}
2026-10-06T08:42:54.181Z PAGE[browser tab] {"meta":{"path":"gutenberg-4300-ulysses.epub","sizeMB":1.43,"zipjsMs":193.5,"zipjsHeapDeltaKB":0,"fflateMs":27.4,"fflateHeapDeltaKB":0,"entries":33,"opfPath":"OEBPS/content.opf","identifiers":["http://www.gutenberg.org/4300"],"title":"Ulysses","creator":"James Joyce","language":"en","coverHref":"OEBPS/6106558510171215388_cover.jpg","coverSize":227268,"fflate":{"title":"Ulysses","identifiers":["http://www.gutenberg.org/4300"]}}}
2026-10-06T08:42:54.181Z PAGE[browser tab] {"meta":{"path":"gutenberg-345-dracula.epub","sizeMB":0.57,"zipjsMs":163.4,"zipjsHeapDeltaKB":0,"fflateMs":28.5,"fflateHeapDeltaKB":0,"entries":43,"opfPath":"OEBPS/content.opf","identifiers":["http://www.gutenberg.org/345"],"title":"Dracula","creator":"Bram Stoker","language":"en","coverHref":"OEBPS/6134261227371076585_cover.jpg","coverSize":208790,"fflate":{"title":"Dracula","identifiers":["http://www.gutenberg.org/345"]}}}
2026-10-06T08:43:15.100Z PAGE[browser tab] load / mode=browser tab
2026-10-06T08:43:15.100Z PAGE[browser tab] sw registered
2026-10-06T08:43:15.102Z PAGE[browser tab] {"onLoad":{"handle":"Books","query":"granted"}}
2026-10-06T08:43:18.244Z PAGE[browser tab] {"perm":{"name":"Books","query":"granted","queryMs":3.5,"listing":"gutenberg-1399-anna-karenina.epub"}}
2026-10-06T08:43:18.534Z PAGE[browser tab] {"scan":{"files":5,"ms":94.5,"msPerFile":18.9,"totalMB":5.5}}
2026-10-06T08:43:18.535Z PAGE[browser tab] {"list":[{"path":"gutenberg-1399-anna-karenina.epub","size":1029762,"lastModified":1791276034000,"type":"application/epub+zip"},{"path":"gutenberg-2600-war-and-peace.epub","size":1832521,"lastModified":1791276034000,"type":"application/epub+zip"},{"path":"gutenberg-2701-moby-dick.epub","size":814108,"lastModified":1791275640000,"type":"application/epub+zip"},{"path":"gutenberg-345-dracula.epub","size":602902,"lastModified":1791275630000,"type":"application/epub+zip"},{"path":"gutenberg-4300-ulysses.epub","size":1494555,"lastModified":1791276034000,"type":"application/epub+zip"}]}
2026-10-06T08:43:34.375Z PAGE[browser tab] {"bench":{"path":"gutenberg-1399-anna-karenina.epub","sizeMB":0.98,"getFileMsMedian":11.5,"zipjsFirstMs":181.3,"zipjsMedianMs":167.1,"fflateFirstMs":30.2,"fflateMedianMs":30.2}}
2026-10-06T08:43:34.376Z PAGE[browser tab] {"bench":{"path":"gutenberg-2600-war-and-peace.epub","sizeMB":1.75,"getFileMsMedian":11.8,"zipjsFirstMs":174.3,"zipjsMedianMs":172.9,"fflateFirstMs":35,"fflateMedianMs":33.4}}
2026-10-06T08:43:34.377Z PAGE[browser tab] {"bench":{"path":"gutenberg-2701-moby-dick.epub","sizeMB":0.78,"getFileMsMedian":11,"zipjsFirstMs":158.6,"zipjsMedianMs":161.7,"fflateFirstMs":27.5,"fflateMedianMs":28.4}}
2026-10-06T08:43:34.380Z PAGE[browser tab] {"bench":{"path":"gutenberg-345-dracula.epub","sizeMB":0.57,"getFileMsMedian":11.1,"zipjsFirstMs":174.8,"zipjsMedianMs":167.8,"fflateFirstMs":29.9,"fflateMedianMs":27.9}}
2026-10-06T08:43:34.381Z PAGE[browser tab] {"bench":{"path":"gutenberg-4300-ulysses.epub","sizeMB":1.43,"getFileMsMedian":11.1,"zipjsFirstMs":155,"zipjsMedianMs":160.2,"fflateFirstMs":28.8,"fflateMedianMs":30.3}}
2026-10-06T08:43:56.812Z PAGE[browser tab] load / mode=browser tab
2026-10-06T08:43:56.812Z PAGE[browser tab] sw registered
2026-10-06T08:43:56.817Z PAGE[browser tab] {"onLoad":{"handle":"Books","query":"granted"}}
2026-10-06T08:44:05.866Z PAGE[browser tab] {"scan":{"files":5,"ms":135.3,"msPerFile":27.1,"totalMB":5.5}}
2026-10-06T08:44:05.867Z PAGE[browser tab] {"list":[{"path":"gutenberg-1399-anna-karenina.epub","size":1029762,"lastModified":1791276034000,"type":"application/epub+zip"},{"path":"gutenberg-2600-war-and-peace.epub","size":1832521,"lastModified":1791276034000,"type":"application/epub+zip"},{"path":"gutenberg-2701-moby-dick.epub","size":814108,"lastModified":1791275640000,"type":"application/epub+zip"},{"path":"gutenberg-345-dracula.epub","size":602902,"lastModified":1791275630000,"type":"application/epub+zip"},{"path":"gutenberg-4300-ulysses.epub","size":1494555,"lastModified":1791276034000,"type":"application/epub+zip"}]}
2026-10-06T08:45:12.307Z PAGE[browser tab] {"bench":{"path":"gutenberg-1399-anna-karenina.epub","sizeMB":0.98,"getFileMsMedian":38.7,"zipjsFirstMs":530,"zipjsMedianMs":573.4,"fflateFirstMs":69.2,"fflateMedianMs":97,"sliceFirstMs":508.8,"sliceMedianMs":508.8,"sliceBytesRead":68632}}
2026-10-06T08:45:12.307Z PAGE[browser tab] {"bench":{"path":"gutenberg-2701-moby-dick.epub","sizeMB":0.78,"getFileMsMedian":21.7,"zipjsFirstMs":272,"zipjsMedianMs":363.6,"fflateFirstMs":42.1,"fflateMedianMs":67,"sliceFirstMs":217.2,"sliceMedianMs":351.7,"sliceBytesRead":68734}}
2026-10-06T08:45:12.307Z PAGE[browser tab] {"bench":{"path":"gutenberg-345-dracula.epub","sizeMB":0.57,"getFileMsMedian":14.8,"zipjsFirstMs":313.4,"zipjsMedianMs":220.4,"fflateFirstMs":41.8,"fflateMedianMs":35.1,"sliceFirstMs":212.9,"sliceMedianMs":217.9,"sliceBytesRead":70923}}
2026-10-06T08:45:12.307Z PAGE[browser tab] {"bench":{"path":"gutenberg-2600-war-and-peace.epub","sizeMB":1.75,"getFileMsMedian":20.9,"zipjsFirstMs":606.3,"zipjsMedianMs":288.5,"fflateFirstMs":73.8,"fflateMedianMs":66.6,"sliceFirstMs":455.6,"sliceMedianMs":344.5,"sliceBytesRead":106107}}
2026-10-06T08:45:12.308Z PAGE[browser tab] {"bench":{"path":"gutenberg-4300-ulysses.epub","sizeMB":1.43,"getFileMsMedian":14.9,"zipjsFirstMs":184.7,"zipjsMedianMs":213.6,"fflateFirstMs":34.8,"fflateMedianMs":37.7,"sliceFirstMs":187.4,"sliceMedianMs":219.7,"sliceBytesRead":69992}}
2026-10-06T08:45:15.385Z PAGE[browser tab] {"scan":{"files":6,"ms":111.5,"msPerFile":18.6,"totalMB":13.1}}
2026-10-06T08:45:15.385Z PAGE[browser tab] {"list":[{"path":"gutenberg-1399-anna-karenina.epub","size":1029762,"lastModified":1791276034000,"type":"application/epub+zip"},{"path":"gutenberg-2600-war-and-peace.epub","size":1832521,"lastModified":1791276034000,"type":"application/epub+zip"},{"path":"gutenberg-2701-moby-dick.epub","size":814108,"lastModified":1791275640000,"type":"application/epub+zip"},{"path":"gutenberg-345-dracula.epub","size":602902,"lastModified":1791275630000,"type":"application/epub+zip"},{"path":"gutenberg-4300-ulysses.epub","size":1494555,"lastModified":1791276034000,"type":"application/epub+zip"},{"path":"gutenberg-98-two-cities.epub","size":7923060,"lastModified":1791275650000,"type":"application/epub+zip"}]}
2026-10-06T08:45:50.307Z PAGE[browser tab] {"bench":{"path":"gutenberg-1399-anna-karenina.epub","sizeMB":0.98,"getFileMsMedian":12.3,"zipjsFirstMs":210.9,"zipjsMedianMs":193.3,"fflateFirstMs":32.8,"fflateMedianMs":32.8,"sliceFirstMs":170.1,"sliceMedianMs":172.3,"sliceBytesRead":68632}}
2026-10-06T08:45:50.307Z PAGE[browser tab] {"bench":{"path":"gutenberg-2600-war-and-peace.epub","sizeMB":1.75,"getFileMsMedian":11.9,"zipjsFirstMs":224.8,"zipjsMedianMs":184.4,"fflateFirstMs":49.2,"fflateMedianMs":37,"sliceFirstMs":234.5,"sliceMedianMs":184,"sliceBytesRead":106107}}
2026-10-06T08:45:50.308Z PAGE[browser tab] {"bench":{"path":"gutenberg-345-dracula.epub","sizeMB":0.57,"getFileMsMedian":11.9,"zipjsFirstMs":171.2,"zipjsMedianMs":178.9,"fflateFirstMs":28.5,"fflateMedianMs":31.7,"sliceFirstMs":165.7,"sliceMedianMs":180,"sliceBytesRead":70923}}
2026-10-06T08:45:50.308Z PAGE[browser tab] {"bench":{"path":"gutenberg-2701-moby-dick.epub","sizeMB":0.78,"getFileMsMedian":12.8,"zipjsFirstMs":183,"zipjsMedianMs":183,"fflateFirstMs":29.7,"fflateMedianMs":33,"sliceFirstMs":173.1,"sliceMedianMs":191.3,"sliceBytesRead":68734}}
2026-10-06T08:45:50.308Z PAGE[browser tab] {"bench":{"path":"gutenberg-4300-ulysses.epub","sizeMB":1.43,"getFileMsMedian":11.6,"zipjsFirstMs":200.7,"zipjsMedianMs":167.2,"fflateFirstMs":32,"fflateMedianMs":30.9,"sliceFirstMs":164.9,"sliceMedianMs":164.9,"sliceBytesRead":69992}}
2026-10-06T08:45:50.310Z PAGE[browser tab] {"bench":{"path":"gutenberg-98-two-cities.epub","sizeMB":7.56,"getFileMsMedian":12.5,"zipjsFirstMs":185.6,"zipjsMedianMs":166.8,"fflateFirstMs":43.1,"fflateMedianMs":46.2,"sliceFirstMs":159.6,"sliceMedianMs":164.5,"sliceBytesRead":78978}}
2026-10-06T08:46:15.244Z PAGE[browser tab] {"bench":{"path":"gutenberg-1399-anna-karenina.epub","sizeMB":0.98,"getFileMsMedian":15.1,"zipjsFirstMs":166.2,"zipjsMedianMs":190.5,"fflateFirstMs":29.2,"fflateMedianMs":31.2,"sliceFirstMs":167.7,"sliceMedianMs":226.4,"sliceBytesRead":68632}}
2026-10-06T08:46:15.244Z PAGE[browser tab] {"bench":{"path":"gutenberg-2600-war-and-peace.epub","sizeMB":1.75,"getFileMsMedian":13.5,"zipjsFirstMs":238.1,"zipjsMedianMs":239,"fflateFirstMs":45.6,"fflateMedianMs":45.6,"sliceFirstMs":245.5,"sliceMedianMs":245.2,"sliceBytesRead":106107}}
2026-10-06T08:46:15.246Z PAGE[browser tab] {"bench":{"path":"gutenberg-2701-moby-dick.epub","sizeMB":0.78,"getFileMsMedian":14.1,"zipjsFirstMs":254.6,"zipjsMedianMs":247.5,"fflateFirstMs":31.6,"fflateMedianMs":37.8,"sliceFirstMs":244.3,"sliceMedianMs":232,"sliceBytesRead":68734}}
2026-10-06T08:46:15.247Z PAGE[browser tab] {"bench":{"path":"gutenberg-345-dracula.epub","sizeMB":0.57,"getFileMsMedian":14.7,"zipjsFirstMs":217.6,"zipjsMedianMs":212.2,"fflateFirstMs":30.9,"fflateMedianMs":34.2,"sliceFirstMs":208.5,"sliceMedianMs":208.5,"sliceBytesRead":70923}}
2026-10-06T08:46:15.249Z PAGE[browser tab] {"bench":{"path":"gutenberg-4300-ulysses.epub","sizeMB":1.43,"getFileMsMedian":12.5,"zipjsFirstMs":250.5,"zipjsMedianMs":203.3,"fflateFirstMs":40,"fflateMedianMs":35,"sliceFirstMs":202.5,"sliceMedianMs":214.9,"sliceBytesRead":69992}}
2026-10-06T08:46:15.249Z PAGE[browser tab] {"bench":{"path":"gutenberg-98-two-cities.epub","sizeMB":7.56,"getFileMsMedian":13,"zipjsFirstMs":182.6,"zipjsMedianMs":181.2,"fflateFirstMs":51.7,"fflateMedianMs":51.7,"sliceFirstMs":184.5,"sliceMedianMs":184.5,"sliceBytesRead":78978}}
2026-10-06T08:46:16.216Z PAGE[browser tab] {"scan":{"files":6,"ms":155.5,"msPerFile":25.9,"totalMB":13.1}}
2026-10-06T08:46:16.217Z PAGE[browser tab] {"list":[{"path":"gutenberg-1399-anna-karenina.epub","size":1029762,"lastModified":1791276034000,"type":"application/epub+zip"},{"path":"gutenberg-2600-war-and-peace.epub","size":1832521,"lastModified":1791276034000,"type":"application/epub+zip"},{"path":"gutenberg-2701-moby-dick.epub","size":814108,"lastModified":1791275640000,"type":"application/epub+zip"},{"path":"gutenberg-345-dracula.epub","size":602902,"lastModified":1791275630000,"type":"application/epub+zip"},{"path":"gutenberg-4300-ulysses.epub","size":1494555,"lastModified":1791276034000,"type":"application/epub+zip"},{"path":"gutenberg-98-two-cities.epub","size":7923060,"lastModified":1791275650000,"type":"application/epub+zip"}]}
2026-10-06T08:46:21.757Z PAGE[browser tab] {"scan":{"files":7,"ms":107,"msPerFile":15.3,"totalMB":36.7}}
2026-10-06T08:46:21.757Z PAGE[browser tab] {"list":[{"path":"gutenberg-1399-anna-karenina.epub","size":1029762,"lastModified":1791276034000,"type":"application/epub+zip"},{"path":"gutenberg-2600-war-and-peace.epub","size":1832521,"lastModified":1791276034000,"type":"application/epub+zip"},{"path":"gutenberg-2701-moby-dick.epub","size":814108,"lastModified":1791275640000,"type":"application/epub+zip"},{"path":"gutenberg-345-dracula.epub","size":602902,"lastModified":1791275630000,"type":"application/epub+zip"},{"path":"gutenberg-4300-ulysses.epub","size":1494555,"lastModified":1791276034000,"type":"application/epub+zip"},{"path":"gutenberg-98-two-cities.epub","size":7923060,"lastModified":1791275650000,"type":"application/epub+zip"},{"path":"gutenberg-1342-pride-and-prejudice.epub","size":24836548,"lastModified":1791275609000,"type":"application/epub+zip"}]}
2026-10-06T08:46:37.212Z PAGE[browser tab] {"bench":{"path":"gutenberg-1399-anna-karenina.epub","sizeMB":0.98,"getFileMsMedian":13.1,"zipjsFirstMs":174.3,"zipjsMedianMs":208,"fflateFirstMs":30.6,"fflateMedianMs":31.9,"sliceFirstMs":163.2,"sliceMedianMs":203.5,"sliceBytesRead":68632}}
2026-10-06T08:46:37.217Z PAGE[browser tab] {"bench":{"path":"gutenberg-2600-war-and-peace.epub","sizeMB":1.75,"getFileMsMedian":13.7,"zipjsFirstMs":210.7,"zipjsMedianMs":189.1,"fflateFirstMs":38.3,"fflateMedianMs":34,"sliceFirstMs":200.3,"sliceMedianMs":173.9,"sliceBytesRead":106107}}
2026-10-06T08:46:37.220Z PAGE[browser tab] {"bench":{"path":"gutenberg-2701-moby-dick.epub","sizeMB":0.78,"getFileMsMedian":14.6,"zipjsFirstMs":161,"zipjsMedianMs":183.2,"fflateFirstMs":28,"fflateMedianMs":32.4,"sliceFirstMs":212.3,"sliceMedianMs":212.3,"sliceBytesRead":68734}}
2026-10-06T08:46:37.220Z PAGE[browser tab] {"bench":{"path":"gutenberg-98-two-cities.epub","sizeMB":7.56,"getFileMsMedian":14.2,"zipjsFirstMs":178.2,"zipjsMedianMs":178,"fflateFirstMs":48.8,"fflateMedianMs":46.1,"sliceFirstMs":162.7,"sliceMedianMs":165,"sliceBytesRead":78978}}
2026-10-06T08:46:37.220Z PAGE[browser tab] {"bench":{"path":"gutenberg-345-dracula.epub","sizeMB":0.57,"getFileMsMedian":10.6,"zipjsFirstMs":209.2,"zipjsMedianMs":172.3,"fflateFirstMs":29.4,"fflateMedianMs":29.4,"sliceFirstMs":156.1,"sliceMedianMs":159,"sliceBytesRead":70923}}
2026-10-06T08:46:37.220Z PAGE[browser tab] {"bench":{"path":"gutenberg-4300-ulysses.epub","sizeMB":1.43,"getFileMsMedian":13,"zipjsFirstMs":192.1,"zipjsMedianMs":230.8,"fflateFirstMs":33.1,"fflateMedianMs":36.2,"sliceFirstMs":193.4,"sliceMedianMs":193.4,"sliceBytesRead":69992}}
2026-10-06T08:46:37.223Z PAGE[browser tab] {"bench":{"path":"gutenberg-1342-pride-and-prejudice.epub","sizeMB":23.68,"getFileMsMedian":12.1,"zipjsFirstMs":229.2,"zipjsMedianMs":182.6,"fflateFirstMs":101.9,"fflateMedianMs":86.9,"sliceFirstMs":209.1,"sliceMedianMs":167.8,"sliceBytesRead":84403}}
2026-10-06T08:46:38.950Z PAGE[browser tab] {"scan":{"files":6,"ms":161.9,"msPerFile":27,"totalMB":13.1}}
2026-10-06T08:46:38.950Z PAGE[browser tab] {"list":[{"path":"gutenberg-1399-anna-karenina.epub","size":1029762,"lastModified":1791276034000,"type":"application/epub+zip"},{"path":"gutenberg-2600-war-and-peace.epub","size":1832521,"lastModified":1791276034000,"type":"application/epub+zip"},{"path":"gutenberg-2701-moby-dick.epub","size":814108,"lastModified":1791275640000,"type":"application/epub+zip"},{"path":"gutenberg-345-dracula.epub","size":602902,"lastModified":1791275630000,"type":"application/epub+zip"},{"path":"gutenberg-4300-ulysses.epub","size":1494555,"lastModified":1791276034000,"type":"application/epub+zip"},{"path":"gutenberg-98-two-cities.epub","size":7923060,"lastModified":1791275650000,"type":"application/epub+zip"}]}
2026-10-06T08:46:52.276Z PAGE[browser tab] load / mode=browser tab
2026-10-06T08:46:52.278Z PAGE[browser tab] sw registered
2026-10-06T08:46:52.281Z PAGE[browser tab] {"onLoad":{"handle":"Books","query":"granted"}}
2026-10-06T08:47:04.771Z PAGE[browser tab] {"compareScans":[{"files":51,"fullFiles":51,"namesMs":326.2,"fullMs":1009.6},{"files":51,"fullFiles":51,"namesMs":271.8,"fullMs":1023},{"files":51,"fullFiles":51,"namesMs":214.6,"fullMs":1301.1},{"files":51,"fullFiles":51,"namesMs":876.4,"fullMs":1375.5},{"files":51,"fullFiles":51,"namesMs":343,"fullMs":2601.8}]}
=== MARK tab: force-stop chrome, reopen
2026-10-06T08:47:17.458Z PAGE[browser tab] load / mode=browser tab
2026-10-06T08:47:17.459Z PAGE[browser tab] sw registered
2026-10-06T08:47:17.643Z PAGE[browser tab] {"onLoad":{"handle":"Books","query":"prompt"}}
2026-10-06T08:47:34.670Z PAGE[browser tab] {"perm":{"name":"Books","query":"prompt","queryMs":0.6,"request":"granted","requestMs":6955.3,"queryAfter":"granted","listing":"gutenberg-1399-anna-karenina.epub"}}
=== MARK pwa first open (after force-stop)
2026-10-06T08:48:27.095Z PAGE[STANDALONE (installed)] load / mode=STANDALONE (installed)
2026-10-06T08:48:27.096Z PAGE[STANDALONE (installed)] sw registered
2026-10-06T08:48:27.176Z PAGE[STANDALONE (installed)] {"onLoad":{"handle":"Books","query":"prompt"}}
2026-10-06T08:48:46.679Z PAGE[STANDALONE (installed)] {"perm":{"name":"Books","query":"prompt","queryMs":0.3,"request":"granted","requestMs":8100.3,"queryAfter":"granted","listing":"gutenberg-1399-anna-karenina.epub"}}
=== MARK pwa: home, 20s, back to app (resume)
2026-10-06T08:49:11.945Z PAGE[STANDALONE (installed)] {"perm":{"name":"Books","query":"granted","queryMs":0.3,"listing":"gutenberg-1399-anna-karenina.epub"}}
=== MARK pwa: task removed (swipe away), Chrome process alive; relaunch
2026-10-06T08:50:02.452Z PAGE[STANDALONE (installed)] load / mode=STANDALONE (installed)
2026-10-06T08:50:02.454Z PAGE[STANDALONE (installed)] sw registered
2026-10-06T08:50:02.479Z PAGE[STANDALONE (installed)] {"onLoad":{"handle":"Books","query":"prompt"}}
2026-10-06T08:50:18.758Z PAGE[STANDALONE (installed)] {"perm":{"name":"Books","query":"prompt","queryMs":0.3,"request":"granted","requestMs":2034.5,"queryAfter":"granted","listing":"gutenberg-1399-anna-karenina.epub"}}
=== MARK device reboot (adb reboot) with PWA granted
2026-10-06T08:51:55.091Z PAGE[browser tab] load / mode=browser tab
2026-10-06T08:51:55.102Z PAGE[browser tab] sw registered
2026-10-06T08:51:55.139Z PAGE[browser tab] {"onLoad":{"handle":"Books","query":"prompt"}}
=== MARK pwa after device reboot (fresh process)
=== MARK pwa after device reboot (fresh process)
2026-10-06T08:53:12.568Z PAGE[STANDALONE (installed)] load / mode=STANDALONE (installed)
2026-10-06T08:53:12.575Z PAGE[STANDALONE (installed)] sw registered
2026-10-06T08:53:12.610Z PAGE[STANDALONE (installed)] {"onLoad":{"handle":"Books","query":"prompt"}}
2026-10-06T08:53:28.153Z PAGE[STANDALONE (installed)] {"perm":{"name":"Books","query":"prompt","queryMs":0.2,"request":"granted","requestMs":10266,"queryAfter":"granted","listing":"gutenberg-1399-anna-karenina.epub"}}
2026-10-06T08:53:31.125Z PAGE[STANDALONE (installed)] {"scan":{"files":51,"ms":857.9,"msPerFile":16.8,"totalMB":62.6}}
2026-10-06T08:53:31.128Z PAGE[STANDALONE (installed)] {"list":[{"path":"gutenberg-1399-anna-karenina.epub","size":1029762,"lastModified":1791276034000,"type":"application/epub+zip"},{"path":"gutenberg-2600-war-and-peace.epub","size":1832521,"lastModified":1791276034000,"type":"application/epub+zip"},{"path":"gutenberg-2701-moby-dick.epub","size":814108,"lastModified":1791275640000,"type":"application/epub+zip"},{"path":"gutenberg-345-dracula.epub","size":602902,"lastModified":1791275630000,"type":"application/epub+zip"},{"path":"gutenberg-4300-ulysses.epub","size":1494555,"lastModified":1791276034000,"type":"application/epub+zip"},{"path":"gutenberg-98-two-cities.epub","size":7923060,"lastModified":1791275650000,"type":"application/epub+zip"},{"path":"bulk/a/gutenberg-1399-anna-karenina-copy.epub","size":1029762,"lastModified":1791276412000,"type":"application/epub+zip"},{"path":"bulk/a/gutenberg-2701-moby-dick-copy.epub","size":814108,"lastModified":1791276412000,"type":"application/epub+zip"},{"path":"bulk/a/gutenberg-345-dracula-copy.epub","size":602902,"lastModified":1791276412000,"type":"application/epub+zip"},{"path":"bulk/a/gutenberg-4300-ulysses-copy.epub","size":1494555,"lastModified":1791276412000,"type":"application/epub+zip"},{"path":"bulk/a/gutenberg-2600-war-and-peace-copy.epub","size":1832521,"lastModified":1791276412000,"type":"application/epub+zip"},{"path":"bulk/b/gutenberg-1399-anna-karenina-copy.epub","size":1029762,"lastModified":1791276412000,"type":"application/epub+zip"}]}
2026-10-06T08:53:31.281Z PAGE[STANDALONE (installed)] {"opfs":{"writeMs":33.2,"readMs":7.9,"equal":true,"size":3145728,"copyFromFolder":{"name":"gutenberg-98-two-cities.epub","size":7923060,"ms":69.9},"persistedBefore":false,"persist":false,"persistedAfter":false,"estimate":{"quotaMB":6155,"usageMB":10.6}}}
2026-10-06T08:54:04.472Z PAGE[STANDALONE (installed)] {"showOpenFilePicker":"ok","ms":24508.8,"files":[{"name":"gutenberg-1399-anna-karenina.epub","size":1029762,"type":"application/epub+zip","lastModified":1791276034000},{"name":"gutenberg-2600-war-and-peace.epub","size":1832521,"type":"application/epub+zip","lastModified":1791276034000},{"name":"gutenberg-2701-moby-dick.epub","size":814108,"type":"application/epub+zip","lastModified":1791275640000}]}
2026-10-06T08:54:04.474Z PAGE[STANDALONE (installed)] first file handle stored in IndexedDB
2026-10-06T08:54:27.288Z PAGE[STANDALONE (installed)] {"inputFile":[{"name":"gutenberg-1399-anna-karenina.epub","size":1029762,"type":"application/epub+zip","lastModified":1791276034000},{"name":"gutenberg-2600-war-and-peace.epub","size":1832521,"type":"application/epub+zip","lastModified":1791276034000}]}
2026-10-06T08:54:40.100Z PAGE[STANDALONE (installed)] load / mode=STANDALONE (installed)
2026-10-06T08:54:40.100Z PAGE[STANDALONE (installed)] sw registered
2026-10-06T08:54:40.109Z PAGE[STANDALONE (installed)] {"onLoad":{"handle":"Books","query":"prompt"}}
2026-10-06T08:54:40.111Z PAGE[STANDALONE (installed)] {"onLoadFile":{"name":"gutenberg-1399-anna-karenina.epub","query":"prompt","readSizeWithoutRequest":"NotAllowedError: Failed to execute 'getFile' on 'FileSystemFileHandle': The request is not allowed by the user agent or the platform in the current context."}}
=== MARK pwa force-stop, relaunch (file handle check)
2026-10-06T08:54:46.532Z PAGE[STANDALONE (installed)] load / mode=STANDALONE (installed)
2026-10-06T08:54:46.540Z PAGE[STANDALONE (installed)] sw registered
2026-10-06T08:54:46.593Z PAGE[STANDALONE (installed)] {"onLoad":{"handle":"Books","query":"prompt"}}
2026-10-06T08:54:46.597Z PAGE[STANDALONE (installed)] {"onLoadFile":{"name":"gutenberg-1399-anna-karenina.epub","query":"prompt","readSizeWithoutRequest":"NotAllowedError: Failed to execute 'getFile' on 'FileSystemFileHandle': The request is not allowed by the user agent or the platform in the current context."}}
=== MARK E1 pwa: request+allow, then reload
2026-10-06T08:55:10.187Z PAGE[STANDALONE (installed)] {"perm":{"name":"Books","query":"prompt","queryMs":0.3,"request":"granted","requestMs":2016.4,"queryAfter":"granted","listing":"gutenberg-1399-anna-karenina.epub"}}
2026-10-06T08:55:12.344Z PAGE[STANDALONE (installed)] {"perm":{"name":"Books","query":"granted","queryMs":0.2,"listing":"gutenberg-1399-anna-karenina.epub"}}
2026-10-06T08:55:12.626Z PAGE[STANDALONE (installed)] load / mode=STANDALONE (installed)
2026-10-06T08:55:12.627Z PAGE[STANDALONE (installed)] sw registered
2026-10-06T08:55:12.636Z PAGE[STANDALONE (installed)] {"onLoad":{"handle":"Books","query":"prompt"}}
2026-10-06T08:55:12.637Z PAGE[STANDALONE (installed)] {"onLoadFile":{"name":"gutenberg-1399-anna-karenina.epub","query":"prompt","readSizeWithoutRequest":"NotAllowedError: Failed to execute 'getFile' on 'FileSystemFileHandle': The request is not allowed by the user agent or the platform in the current context."}}
=== MARK E2 tab: request+allow, then reload
2026-10-06T08:55:23.761Z PAGE[browser tab] load / mode=browser tab
2026-10-06T08:55:23.776Z PAGE[browser tab] load / mode=browser tab
2026-10-06T08:55:23.777Z PAGE[browser tab] sw registered
2026-10-06T08:55:23.797Z PAGE[browser tab] sw registered
2026-10-06T08:55:23.850Z PAGE[browser tab] {"onLoad":{"handle":"Books","query":"prompt"}}
2026-10-06T08:55:23.871Z PAGE[browser tab] {"onLoad":{"handle":"Books","query":"prompt"}}
2026-10-06T08:55:23.874Z PAGE[browser tab] {"onLoadFile":{"name":"gutenberg-1399-anna-karenina.epub","query":"prompt","readSizeWithoutRequest":"NotAllowedError: Failed to execute 'getFile' on 'FileSystemFileHandle': The request is not allowed by the user agent or the platform in the current context."}}
2026-10-06T08:55:23.876Z PAGE[browser tab] {"onLoadFile":{"name":"gutenberg-1399-anna-karenina.epub","query":"prompt","readSizeWithoutRequest":"NotAllowedError: Failed to execute 'getFile' on 'FileSystemFileHandle': The request is not allowed by the user agent or the platform in the current context."}}
2026-10-06T08:55:31.141Z PAGE[browser tab] {"perm":{"name":"Books","query":"prompt","queryMs":0.4,"request":"granted","requestMs":2034.2,"queryAfter":"granted","listing":"gutenberg-1399-anna-karenina.epub"}}
2026-10-06T08:55:33.319Z PAGE[browser tab] load / mode=browser tab
2026-10-06T08:55:33.320Z PAGE[browser tab] sw registered
2026-10-06T08:55:33.323Z PAGE[browser tab] {"onLoad":{"handle":"Books","query":"granted"}}
2026-10-06T08:55:33.324Z PAGE[browser tab] {"onLoadFile":{"name":"gutenberg-1399-anna-karenina.epub","query":"prompt","readSizeWithoutRequest":"NotAllowedError: Failed to execute 'getFile' on 'FileSystemFileHandle': The request is not allowed by the user agent or the platform in the current context."}}
2026-10-06T08:56:49.516Z PAGE[browser tab] load / mode=browser tab
2026-10-06T08:56:49.523Z PAGE[browser tab] sw registered
2026-10-06T08:56:49.560Z PAGE[browser tab] {"onLoad":{"handle":"Books","query":"prompt"}}
2026-10-06T08:56:49.572Z PAGE[browser tab] {"onLoadFile":{"name":"gutenberg-1399-anna-karenina.epub","query":"prompt","readSizeWithoutRequest":"NotAllowedError: Failed to execute 'getFile' on 'FileSystemFileHandle': The request is not allowed by the user agent or the platform in the current context."}}
2026-10-06T08:56:49.581Z PAGE[browser tab] load / mode=browser tab
2026-10-06T08:56:49.583Z PAGE[browser tab] sw registered
2026-10-06T08:56:49.589Z PAGE[browser tab] {"onLoad":{"handle":"Books","query":"prompt"}}
2026-10-06T08:56:49.594Z PAGE[browser tab] {"onLoadFile":{"name":"gutenberg-1399-anna-karenina.epub","query":"prompt","readSizeWithoutRequest":"NotAllowedError: Failed to execute 'getFile' on 'FileSystemFileHandle': The request is not allowed by the user agent or the platform in the current context."}}
2026-10-06T08:56:53.583Z PAGE[browser tab] {"opfs":{"writeMs":23.9,"readMs":9.1,"equal":true,"size":3145728,"persistedBefore":false,"persist":false,"persistedAfter":false,"estimate":{"quotaMB":3564,"usageMB":3}}}
2026-10-06T08:56:53.789Z PAGE[browser tab] {"env":{"ua":"Mozilla/5.0 (Linux; Android 10; K) AppleWebKit/537.36 (KHTML, like Gecko) Chrome/145.0.0.0 Mobile Safari/537.36","secure":true,"mode":"browser tab","origin":"http://localhost:3126","showDirectoryPicker":"function","showOpenFilePicker":"function","showSaveFilePicker":"function","storageGetDirectory":"function","storagePersist":"function","serviceWorker":true,"controller":true,"estimate":{"quota":3736869273,"usage":5054,"usageDetails":{"indexedDB":2804,"serviceWorkerRegistrations":2250}},"memory":{"usedKB":9766,"limitMB":1020}}}
2026-10-06T08:57:28.371Z PAGE[browser tab] load / mode=browser tab
2026-10-06T08:57:28.373Z PAGE[browser tab] sw registered
2026-10-06T08:57:28.384Z PAGE[browser tab] {"onLoad":{"handle":"Books","query":"prompt"}}
2026-10-06T08:57:28.390Z PAGE[browser tab] {"onLoadFile":{"name":"gutenberg-1399-anna-karenina.epub","query":"prompt","readSizeWithoutRequest":"NotAllowedError: Failed to execute 'getFile' on 'FileSystemFileHandle': The request is not allowed by the user agent or the platform in the current context."}}
2026-10-06T08:57:41.928Z PAGE[STANDALONE (installed)] load / mode=STANDALONE (installed)
2026-10-06T08:57:41.940Z PAGE[STANDALONE (installed)] sw registered
2026-10-06T08:57:41.972Z PAGE[STANDALONE (installed)] {"onLoad":{"handle":"Books","query":"prompt"}}
2026-10-06T08:57:41.996Z PAGE[STANDALONE (installed)] {"onLoadFile":{"name":"gutenberg-1399-anna-karenina.epub","query":"prompt","readSizeWithoutRequest":"NotAllowedError: Failed to execute 'getFile' on 'FileSystemFileHandle': The request is not allowed by the user agent or the platform in the current context."}}
2026-10-06T08:58:00.350Z SW share POST: fields={} files=1 parsed in 38 ms [{"field":"ebooks","name":"gutenberg-1399-anna-karenina.epub","size":1029762,"type":"application/epub+zip","lastModified":1791277080560}]
2026-10-06T08:58:00.388Z PAGE[STANDALONE (installed)] load /?shared=1791277080561 mode=STANDALONE (installed)
2026-10-06T08:58:00.388Z PAGE[STANDALONE (installed)] sw registered
2026-10-06T08:58:00.392Z PAGE[STANDALONE (installed)] {"onLoad":{"handle":"Books","query":"prompt"}}
2026-10-06T08:58:00.394Z PAGE[STANDALONE (installed)] {"onLoadFile":{"name":"gutenberg-1399-anna-karenina.epub","query":"prompt","readSizeWithoutRequest":"NotAllowedError: Failed to execute 'getFile' on 'FileSystemFileHandle': The request is not allowed by the user agent or the platform in the current context."}}
2026-10-06T08:58:00.402Z PAGE[STANDALONE (installed)] {"shared":{"id":"1791277080561","fields":{},"files":[{"index":0,"field":"ebooks","name":"gutenberg-1399-anna-karenina.epub","size":1029762,"type":"application/epub+zip","lastModified":1791277080560}],"parsedMs":38}}
2026-10-06T08:58:00.427Z PAGE[STANDALONE (installed)] {"sharedFile":"gutenberg-1399-anna-karenina.epub","bytesBack":1029762,"metaMs":24,"title":"Anna Karenina","ids":["http://www.gutenberg.org/1399"]}
2026-10-06T08:58:19.587Z SW share POST: fields={} files=3 parsed in 77 ms [{"field":"ebooks","name":"gutenberg-1399-anna-karenina.epub","size":1029762,"type":"application/epub+zip","lastModified":1791277099797},{"field":"ebooks","name":"gutenberg-2600-war-and-peace.epub","size":1832521,"type":"application/epub+zip","lastModified":1791277099798},{"field":"ebooks","name":"gutenberg-2701-moby-dick.epub","size":814108,"type":"application/epub+zip","lastModified":1791277099798}]
2026-10-06T08:58:19.631Z PAGE[STANDALONE (installed)] load /?shared=1791277099799 mode=STANDALONE (installed)
2026-10-06T08:58:19.641Z PAGE[STANDALONE (installed)] sw registered
2026-10-06T08:58:19.644Z PAGE[STANDALONE (installed)] {"onLoad":{"handle":"Books","query":"prompt"}}
2026-10-06T08:58:19.647Z PAGE[STANDALONE (installed)] {"onLoadFile":{"name":"gutenberg-1399-anna-karenina.epub","query":"prompt","readSizeWithoutRequest":"NotAllowedError: Failed to execute 'getFile' on 'FileSystemFileHandle': The request is not allowed by the user agent or the platform in the current context."}}
2026-10-06T08:58:19.652Z PAGE[STANDALONE (installed)] {"shared":{"id":"1791277099799","fields":{},"files":[{"index":0,"field":"ebooks","name":"gutenberg-1399-anna-karenina.epub","size":1029762,"type":"application/epub+zip","lastModified":1791277099797},{"index":1,"field":"ebooks","name":"gutenberg-2600-war-and-peace.epub","size":1832521,"type":"application/epub+zip","lastModified":1791277099798},{"index":2,"field":"ebooks","name":"gutenberg-2701-moby-dick.epub","size":814108,"type":"application/epub+zip","lastModified":1791277099798}],"parsedMs":77}}
2026-10-06T08:58:19.674Z PAGE[STANDALONE (installed)] {"sharedFile":"gutenberg-1399-anna-karenina.epub","bytesBack":1029762,"metaMs":20.7,"title":"Anna Karenina","ids":["http://www.gutenberg.org/1399"]}
2026-10-06T08:58:19.704Z PAGE[STANDALONE (installed)] {"sharedFile":"gutenberg-2600-war-and-peace.epub","bytesBack":1832521,"metaMs":21,"title":"War and Peace","ids":["http://www.gutenberg.org/2600"]}
2026-10-06T08:58:19.716Z PAGE[STANDALONE (installed)] {"sharedFile":"gutenberg-2701-moby-dick.epub","bytesBack":814108,"metaMs":13.7,"title":"Moby Dick; Or, The Whale","ids":["http://www.gutenberg.org/2701"]}
2026-10-06T08:58:29.385Z SW share POST: fields={"title":"A Book","text":"look at this","url":"https://example.org/book/9780141439518"} files=0 parsed in 0 ms []
2026-10-06T08:59:14.117Z PAGE[STANDALONE (installed)] load / mode=STANDALONE (installed)
2026-10-06T08:59:14.125Z PAGE[STANDALONE (installed)] sw registered
2026-10-06T08:59:14.163Z PAGE[STANDALONE (installed)] {"onLoad":{"handle":"Books","query":"prompt"}}
2026-10-06T08:59:14.184Z PAGE[STANDALONE (installed)] {"onLoadFile":{"name":"gutenberg-1399-anna-karenina.epub","query":"prompt","readSizeWithoutRequest":"NotAllowedError: Failed to execute 'getFile' on 'FileSystemFileHandle': The request is not allowed by the user agent or the platform in the current context."}}
2026-10-06T08:59:20.509Z SW share POST: fields={"title":"A Book","text":"look at this","url":"https://example.org/book/9780141439518"} files=0 parsed in 0 ms []
2026-10-06T08:59:38.981Z PAGE[STANDALONE (installed)] load / mode=STANDALONE (installed)
2026-10-06T08:59:38.993Z PAGE[STANDALONE (installed)] sw registered
2026-10-06T08:59:39.033Z PAGE[STANDALONE (installed)] {"onLoad":{"handle":"Books","query":"prompt"}}
2026-10-06T08:59:39.044Z PAGE[STANDALONE (installed)] {"onLoadFile":{"name":"gutenberg-1399-anna-karenina.epub","query":"prompt","readSizeWithoutRequest":"NotAllowedError: Failed to execute 'getFile' on 'FileSystemFileHandle': The request is not allowed by the user agent or the platform in the current context."}}
2026-10-06T08:59:47.623Z SW share POST: fields={"title":"A Book","text":"look at this","url":"https://example.org/book/9780141439518"} files=0 parsed in 0 ms []
2026-10-06T09:00:05.492Z PAGE[STANDALONE (installed)] load / mode=STANDALONE (installed)
2026-10-06T09:00:05.499Z PAGE[STANDALONE (installed)] sw registered
2026-10-06T09:00:05.559Z PAGE[STANDALONE (installed)] {"onLoad":{"handle":"Books","query":"prompt"}}
2026-10-06T09:00:05.566Z PAGE[STANDALONE (installed)] {"onLoadFile":{"name":"gutenberg-1399-anna-karenina.epub","query":"prompt","readSizeWithoutRequest":"NotAllowedError: Failed to execute 'getFile' on 'FileSystemFileHandle': The request is not allowed by the user agent or the platform in the current context."}}
2026-10-06T09:00:13.767Z SW share POST: fields={"title":"A Book","text":"look at this","url":"https://example.org/book/9780141439518"} files=0 parsed in 1 ms []
2026-10-06T09:00:13.768Z SW text share → redirect /share?title=A+Book&text=look+at+this&url=https%3A%2F%2Fexample.org%2Fbook%2F9780141439518
2026-10-06T09:00:13.798Z PAGE[STANDALONE (installed)] load /share?title=A+Book&text=look+at+this&url=https%3A%2F%2Fexample.org%2Fbook%2F9780141439518 mode=STANDALONE (installed)
2026-10-06T09:00:13.804Z PAGE[STANDALONE (installed)] sw registered
2026-10-06T09:00:13.813Z PAGE[STANDALONE (installed)] {"onLoad":{"handle":"Books","query":"prompt"}}
2026-10-06T09:00:13.818Z PAGE[STANDALONE (installed)] {"onLoadFile":{"name":"gutenberg-1399-anna-karenina.epub","query":"prompt","readSizeWithoutRequest":"NotAllowedError: Failed to execute 'getFile' on 'FileSystemFileHandle': The request is not allowed by the user agent or the platform in the current context."}}
2026-10-06T09:00:13.824Z PAGE[STANDALONE (installed)] {"shared":{"id":"1791277080561","fields":{},"files":[{"index":0,"field":"ebooks","name":"gutenberg-1399-anna-karenina.epub","size":1029762,"type":"application/epub+zip","lastModified":1791277080560}],"parsedMs":38}}
2026-10-06T09:00:13.845Z PAGE[STANDALONE (installed)] {"sharedFile":"gutenberg-1399-anna-karenina.epub","bytesBack":1029762,"metaMs":18.3,"title":"Anna Karenina","ids":["http://www.gutenberg.org/1399"]}
2026-10-06T09:00:13.848Z PAGE[STANDALONE (installed)] {"shared":{"id":"1791277099799","fields":{},"files":[{"index":0,"field":"ebooks","name":"gutenberg-1399-anna-karenina.epub","size":1029762,"type":"application/epub+zip","lastModified":1791277099797},{"index":1,"field":"ebooks","name":"gutenberg-2600-war-and-peace.epub","size":1832521,"type":"application/epub+zip","lastModified":1791277099798},{"index":2,"field":"ebooks","name":"gutenberg-2701-moby-dick.epub","size":814108,"type":"application/epub+zip","lastModified":1791277099798}],"parsedMs":77}}
2026-10-06T09:00:13.866Z PAGE[STANDALONE (installed)] {"sharedFile":"gutenberg-1399-anna-karenina.epub","bytesBack":1029762,"metaMs":15.7,"title":"Anna Karenina","ids":["http://www.gutenberg.org/1399"]}
2026-10-06T09:00:13.887Z PAGE[STANDALONE (installed)] {"sharedFile":"gutenberg-2600-war-and-peace.epub","bytesBack":1832521,"metaMs":18.5,"title":"War and Peace","ids":["http://www.gutenberg.org/2600"]}
2026-10-06T09:00:13.902Z PAGE[STANDALONE (installed)] {"sharedFile":"gutenberg-2701-moby-dick.epub","bytesBack":814108,"metaMs":12.1,"title":"Moby Dick; Or, The Whale","ids":["http://www.gutenberg.org/2701"]}
2026-10-06T09:00:13.902Z PAGE[STANDALONE (installed)] {"shareText":{"title":"A Book","text":"look at this","url":"https://example.org/book/9780141439518"}}
2026-10-06T09:00:44.794Z PAGE[browser tab] load / mode=browser tab
2026-10-06T09:00:44.800Z PAGE[browser tab] {"onLoad":"no handle stored"}
2026-10-06T09:00:44.802Z PAGE[browser tab] sw registered
2026-10-06T09:01:05.507Z PAGE[browser tab] load / mode=browser tab
2026-10-06T09:01:05.557Z PAGE[browser tab] {"onLoad":"no handle stored"}
2026-10-06T09:01:05.565Z PAGE[browser tab] sw registered
2026-10-06T09:01:07.020Z PAGE[browser tab] {"env":{"ua":"Mozilla/5.0 (Macintosh; Intel Mac OS X 10_15_7) AppleWebKit/537.36 (KHTML, like Gecko) Chrome/153.0.0.0 Safari/537.36","secure":true,"mode":"browser tab","origin":"http://localhost:3126","showDirectoryPicker":"function","showOpenFilePicker":"function","showSaveFilePicker":"function","storageGetDirectory":"function","storagePersist":"function","serviceWorker":true,"controller":true,"estimate":{"quota":10737421910,"usage":3670,"usageDetails":{"indexedDB":1318,"serviceWorkerRegistrations":2352}},"memory":{"usedKB":2501,"limitMB":4192}}}
2026-10-06T09:01:37.584Z PAGE[browser tab] load / mode=browser tab
2026-10-06T09:01:37.590Z PAGE[browser tab] {"onLoad":"no handle stored"}
2026-10-06T09:01:37.592Z PAGE[browser tab] sw registered
2026-10-06T09:01:38.399Z PAGE[browser tab] {"env":{"ua":"Mozilla/5.0 (Macintosh; Intel Mac OS X 10_15_7) AppleWebKit/537.36 (KHTML, like Gecko) HeadlessChrome/153.0.8010.12 Safari/537.36","secure":true,"mode":"browser tab","origin":"http://localhost:3126","showDirectoryPicker":"function","showOpenFilePicker":"function","showSaveFilePicker":"function","storageGetDirectory":"function","storagePersist":"function","serviceWorker":true,"controller":true,"estimate":{"quota":8590010672,"usage":76080,"usageDetails":{"indexedDB":73728,"serviceWorkerRegistrations":2352}},"memory":{"usedKB":9766,"limitMB":3586}}}
2026-10-06T09:01:48.498Z PAGE[browser tab] load / mode=browser tab
2026-10-06T09:01:48.499Z PAGE[browser tab] {"onLoad":"no handle stored"}
2026-10-06T09:01:48.499Z PAGE[browser tab] sw registered
2026-10-06T09:01:49.304Z PAGE[browser tab] {"env":{"ua":"Mozilla/5.0 (Macintosh; Intel Mac OS X 10_15_7) AppleWebKit/537.36 (KHTML, like Gecko) HeadlessChrome/153.0.8010.12 Safari/537.36","secure":true,"mode":"browser tab","origin":"http://localhost:3126","showDirectoryPicker":"function","showOpenFilePicker":"function","showSaveFilePicker":"function","storageGetDirectory":"function","storagePersist":"function","serviceWorker":true,"controller":true,"estimate":{"quota":9663752496,"usage":76080,"usageDetails":{"indexedDB":73728,"serviceWorkerRegistrations":2352}},"memory":{"usedKB":9766,"limitMB":3586}}}
2026-10-06T09:01:59.830Z PAGE[browser tab] load / mode=browser tab
2026-10-06T09:01:59.832Z PAGE[browser tab] {"onLoad":"no handle stored"}
2026-10-06T09:01:59.832Z PAGE[browser tab] sw registered
2026-10-06T09:02:06.858Z PAGE[browser tab] load / mode=browser tab
2026-10-06T09:02:06.860Z PAGE[browser tab] {"onLoad":"no handle stored"}
2026-10-06T09:02:06.860Z PAGE[browser tab] sw registered
2026-10-06T09:02:18.818Z PAGE[browser tab] load / mode=browser tab
2026-10-06T09:02:18.820Z PAGE[browser tab] {"onLoad":"no handle stored"}
2026-10-06T09:02:18.820Z PAGE[browser tab] sw registered
2026-10-06T09:02:19.625Z PAGE[browser tab] {"env":{"ua":"Mozilla/5.0 (Macintosh; Intel Mac OS X 10_15_7) AppleWebKit/537.36 (KHTML, like Gecko) HeadlessChrome/153.0.8010.12 Safari/537.36","secure":true,"mode":"browser tab","origin":"http://localhost:3126","showDirectoryPicker":"function","showOpenFilePicker":"function","showSaveFilePicker":"function","storageGetDirectory":"function","storagePersist":"function","serviceWorker":true,"controller":true,"estimate":{"quota":9663752496,"usage":76080,"usageDetails":{"indexedDB":73728,"serviceWorkerRegistrations":2352}},"memory":{"usedKB":9766,"limitMB":3586}}}
2026-10-06T09:02:28.330Z PAGE[browser tab] load / mode=browser tab
2026-10-06T09:02:28.332Z PAGE[browser tab] {"onLoad":"no handle stored"}
2026-10-06T09:02:28.332Z PAGE[browser tab] sw registered
2026-10-06T09:02:29.137Z PAGE[browser tab] {"env":{"ua":"Mozilla/5.0 (Macintosh; Intel Mac OS X 10_15_7) AppleWebKit/537.36 (KHTML, like Gecko) HeadlessChrome/153.0.8010.12 Safari/537.36","secure":true,"mode":"browser tab","origin":"http://localhost:3126","showDirectoryPicker":"function","showOpenFilePicker":"function","showSaveFilePicker":"function","storageGetDirectory":"function","storagePersist":"function","serviceWorker":true,"controller":true,"estimate":{"quota":8590010672,"usage":76080,"usageDetails":{"indexedDB":73728,"serviceWorkerRegistrations":2352}},"memory":{"usedKB":9766,"limitMB":3586}}}
2026-10-06T09:02:29.267Z PAGE[browser tab] {"compareScans":[{"files":50,"fullFiles":50,"namesMs":5.8,"fullMs":4.7},{"files":50,"fullFiles":50,"namesMs":1.2,"fullMs":5.8},{"files":50,"fullFiles":50,"namesMs":1.2,"fullMs":4.4},{"files":50,"fullFiles":50,"namesMs":1.3,"fullMs":4.4},{"files":50,"fullFiles":50,"namesMs":1.2,"fullMs":4.4}]}
2026-10-06T09:02:29.274Z PAGE[browser tab] {"scan":{"files":50,"ms":4.4,"msPerFile":0.1,"totalMB":55.1}}
2026-10-06T09:02:29.274Z PAGE[browser tab] {"list":[{"path":"gutenberg-4300-ulysses.epub","size":1494555,"lastModified":1791277349213,"type":"application/epub+zip"},{"path":"gutenberg-345-dracula.epub","size":602902,"lastModified":1791277349199,"type":"application/epub+zip"},{"path":"gutenberg-2701-moby-dick.epub","size":814108,"lastModified":1791277349186,"type":"application/epub+zip"},{"path":"gutenberg-2600-war-and-peace.epub","size":1832521,"lastModified":1791277349161,"type":"application/epub+zip"},{"path":"gutenberg-1399-anna-karenina.epub","size":1029762,"lastModified":1791277349142,"type":"application/epub+zip"},{"path":"bulk-8/gutenberg-4300-ulysses-copy8.epub","size":1494555,"lastModified":1791277349229,"type":"application/epub+zip"},{"path":"bulk-8/gutenberg-345-dracula-copy8.epub","size":602902,"lastModified":1791277349208,"type":"application/epub+zip"},{"path":"bulk-8/gutenberg-2701-moby-dick-copy8.epub","size":814108,"lastModified":1791277349196,"type":"application/epub+zip"},{"path":"bulk-8/gutenberg-2600-war-and-peace-copy8.epub","size":1832521,"lastModified":1791277349182,"type":"application/epub+zip"},{"path":"bulk-8/gutenberg-1399-anna-karenina-copy8.epub","size":1029762,"lastModified":1791277349156,"type":"application/epub+zip"},{"path":"bulk-7/gutenberg-4300-ulysses-copy7.epub","size":1494555,"lastModified":1791277349227,"type":"application/epub+zip"},{"path":"bulk-7/gutenberg-345-dracula-copy7.epub","size":602902,"lastModified":1791277349207,"type":"application/epub+zip"}]}
2026-10-06T09:02:33.302Z PAGE[browser tab] {"bench":{"path":"gutenberg-4300-ulysses.epub","sizeMB":1.43,"getFileMsMedian":0.1,"zipjsFirstMs":9.4,"zipjsMedianMs":2.1,"fflateFirstMs":1.5,"fflateMedianMs":0.9,"sliceFirstMs":1.7,"sliceMedianMs":1.1,"sliceBytesRead":69992}}
2026-10-06T09:02:33.303Z PAGE[browser tab] {"bench":{"path":"gutenberg-345-dracula.epub","sizeMB":0.57,"getFileMsMedian":0.1,"zipjsFirstMs":1.9,"zipjsMedianMs":2.2,"fflateFirstMs":0.7,"fflateMedianMs":0.6,"sliceFirstMs":1.1,"sliceMedianMs":1.2,"sliceBytesRead":70923}}
2026-10-06T09:02:33.303Z PAGE[browser tab] {"bench":{"path":"gutenberg-2701-moby-dick.epub","sizeMB":0.78,"getFileMsMedian":0.1,"zipjsFirstMs":1.9,"zipjsMedianMs":1.8,"fflateFirstMs":0.5,"fflateMedianMs":0.6,"sliceFirstMs":1.1,"sliceMedianMs":1.1,"sliceBytesRead":68734}}
2026-10-06T09:02:33.303Z PAGE[browser tab] {"bench":{"path":"gutenberg-2600-war-and-peace.epub","sizeMB":1.75,"getFileMsMedian":0.2,"zipjsFirstMs":8.3,"zipjsMedianMs":5.4,"fflateFirstMs":2.6,"fflateMedianMs":2.4,"sliceFirstMs":2.8,"sliceMedianMs":2.8,"sliceBytesRead":106107}}
2026-10-06T09:02:33.306Z PAGE[browser tab] {"bench":{"path":"gutenberg-1399-anna-karenina.epub","sizeMB":0.98,"getFileMsMedian":0.1,"zipjsFirstMs":2.2,"zipjsMedianMs":1.9,"fflateFirstMs":0.7,"fflateMedianMs":0.6,"sliceFirstMs":1.2,"sliceMedianMs":1.1,"sliceBytesRead":68632}}
2026-10-06T09:02:33.306Z PAGE[browser tab] {"bench":{"path":"bulk-8/gutenberg-4300-ulysses-copy8.epub","sizeMB":1.43,"getFileMsMedian":0.1,"zipjsFirstMs":1.8,"zipjsMedianMs":1.9,"fflateFirstMs":0.9,"fflateMedianMs":0.8,"sliceFirstMs":1.4,"sliceMedianMs":1.1,"sliceBytesRead":69992}}
2026-10-06T09:02:33.306Z PAGE[browser tab] {"bench":{"path":"bulk-8/gutenberg-345-dracula-copy8.epub","sizeMB":0.57,"getFileMsMedian":0.1,"zipjsFirstMs":2.4,"zipjsMedianMs":2,"fflateFirstMs":0.6,"fflateMedianMs":0.6,"sliceFirstMs":1.3,"sliceMedianMs":1.3,"sliceBytesRead":70923}}
2026-10-06T09:02:33.306Z PAGE[browser tab] {"bench":{"path":"bulk-8/gutenberg-2701-moby-dick-copy8.epub","sizeMB":0.78,"getFileMsMedian":0.1,"zipjsFirstMs":1.9,"zipjsMedianMs":1.8,"fflateFirstMs":0.7,"fflateMedianMs":0.5,"sliceFirstMs":1.1,"sliceMedianMs":1.1,"sliceBytesRead":68734}}
2026-10-06T09:02:33.307Z PAGE[browser tab] {"bench":{"path":"bulk-8/gutenberg-2600-war-and-peace-copy8.epub","sizeMB":1.75,"getFileMsMedian":0.1,"zipjsFirstMs":4.7,"zipjsMedianMs":4.7,"fflateFirstMs":2.6,"fflateMedianMs":2.4,"sliceFirstMs":2.8,"sliceMedianMs":2.8,"sliceBytesRead":106107}}
2026-10-06T09:02:33.307Z PAGE[browser tab] {"bench":{"path":"bulk-8/gutenberg-1399-anna-karenina-copy8.epub","sizeMB":0.98,"getFileMsMedian":0.1,"zipjsFirstMs":1.9,"zipjsMedianMs":1.8,"fflateFirstMs":0.7,"fflateMedianMs":0.6,"sliceFirstMs":1.1,"sliceMedianMs":1.1,"sliceBytesRead":68632}}
2026-10-06T09:02:33.307Z PAGE[browser tab] {"bench":{"path":"bulk-7/gutenberg-4300-ulysses-copy7.epub","sizeMB":1.43,"getFileMsMedian":0.1,"zipjsFirstMs":1.9,"zipjsMedianMs":1.9,"fflateFirstMs":1,"fflateMedianMs":0.8,"sliceFirstMs":1.1,"sliceMedianMs":1.2,"sliceBytesRead":69992}}
2026-10-06T09:02:33.307Z PAGE[browser tab] {"bench":{"path":"bulk-7/gutenberg-345-dracula-copy7.epub","sizeMB":0.57,"getFileMsMedian":0.1,"zipjsFirstMs":2.1,"zipjsMedianMs":2,"fflateFirstMs":0.6,"fflateMedianMs":0.6,"sliceFirstMs":1.1,"sliceMedianMs":1.2,"sliceBytesRead":70923}}
2026-10-06T09:02:33.307Z PAGE[browser tab] {"bench":{"path":"bulk-7/gutenberg-2701-moby-dick-copy7.epub","sizeMB":0.78,"getFileMsMedian":0.1,"zipjsFirstMs":1.8,"zipjsMedianMs":1.8,"fflateFirstMs":0.7,"fflateMedianMs":0.5,"sliceFirstMs":1.1,"sliceMedianMs":1.1,"sliceBytesRead":68734}}
2026-10-06T09:02:33.308Z PAGE[browser tab] {"bench":{"path":"bulk-7/gutenberg-2600-war-and-peace-copy7.epub","sizeMB":1.75,"getFileMsMedian":0.1,"zipjsFirstMs":4.4,"zipjsMedianMs":5.1,"fflateFirstMs":2.4,"fflateMedianMs":2.4,"sliceFirstMs":2.8,"sliceMedianMs":2.8,"sliceBytesRead":106107}}
2026-10-06T09:02:33.308Z PAGE[browser tab] {"bench":{"path":"bulk-7/gutenberg-1399-anna-karenina-copy7.epub","sizeMB":0.98,"getFileMsMedian":0.1,"zipjsFirstMs":2,"zipjsMedianMs":1.9,"fflateFirstMs":0.6,"fflateMedianMs":0.6,"sliceFirstMs":1.2,"sliceMedianMs":1.1,"sliceBytesRead":68632}}
2026-10-06T09:02:33.308Z PAGE[browser tab] {"bench":{"path":"bulk-6/gutenberg-4300-ulysses-copy6.epub","sizeMB":1.43,"getFileMsMedian":0.1,"zipjsFirstMs":2.1,"zipjsMedianMs":2,"fflateFirstMs":1,"fflateMedianMs":0.8,"sliceFirstMs":1.1,"sliceMedianMs":1.1,"sliceBytesRead":69992}}
2026-10-06T09:02:33.308Z PAGE[browser tab] {"bench":{"path":"bulk-6/gutenberg-345-dracula-copy6.epub","sizeMB":0.57,"getFileMsMedian":0.1,"zipjsFirstMs":2.2,"zipjsMedianMs":2.1,"fflateFirstMs":0.7,"fflateMedianMs":0.6,"sliceFirstMs":1.2,"sliceMedianMs":1.2,"sliceBytesRead":70923}}
2026-10-06T09:02:33.309Z PAGE[browser tab] {"bench":{"path":"bulk-6/gutenberg-2701-moby-dick-copy6.epub","sizeMB":0.78,"getFileMsMedian":0.1,"zipjsFirstMs":1.9,"zipjsMedianMs":1.8,"fflateFirstMs":0.6,"fflateMedianMs":0.5,"sliceFirstMs":1,"sliceMedianMs":1.1,"sliceBytesRead":68734}}
2026-10-06T09:02:33.309Z PAGE[browser tab] {"bench":{"path":"bulk-6/gutenberg-2600-war-and-peace-copy6.epub","sizeMB":1.75,"getFileMsMedian":0.2,"zipjsFirstMs":4.5,"zipjsMedianMs":4.6,"fflateFirstMs":2.2,"fflateMedianMs":2.4,"sliceFirstMs":4.2,"sliceMedianMs":2.8,"sliceBytesRead":106107}}
2026-10-06T09:02:33.309Z PAGE[browser tab] {"bench":{"path":"bulk-6/gutenberg-1399-anna-karenina-copy6.epub","sizeMB":0.98,"getFileMsMedian":0.1,"zipjsFirstMs":2.3,"zipjsMedianMs":1.9,"fflateFirstMs":0.7,"fflateMedianMs":0.7,"sliceFirstMs":1.1,"sliceMedianMs":1.1,"sliceBytesRead":68632}}
2026-10-06T09:02:33.310Z PAGE[browser tab] {"bench":{"path":"bulk-5/gutenberg-4300-ulysses-copy5.epub","sizeMB":1.43,"getFileMsMedian":0.1,"zipjsFirstMs":2.2,"zipjsMedianMs":2,"fflateFirstMs":1.1,"fflateMedianMs":0.8,"sliceFirstMs":1.3,"sliceMedianMs":1.2,"sliceBytesRead":69992}}
2026-10-06T09:02:33.310Z PAGE[browser tab] {"bench":{"path":"bulk-5/gutenberg-345-dracula-copy5.epub","sizeMB":0.57,"getFileMsMedian":0.1,"zipjsFirstMs":2.1,"zipjsMedianMs":1.9,"fflateFirstMs":0.6,"fflateMedianMs":0.6,"sliceFirstMs":3.5,"sliceMedianMs":1.2,"sliceBytesRead":70923}}
2026-10-06T09:02:33.310Z PAGE[browser tab] {"bench":{"path":"bulk-5/gutenberg-2701-moby-dick-copy5.epub","sizeMB":0.78,"getFileMsMedian":0.1,"zipjsFirstMs":1.7,"zipjsMedianMs":1.8,"fflateFirstMs":0.7,"fflateMedianMs":0.6,"sliceFirstMs":1.2,"sliceMedianMs":1.1,"sliceBytesRead":68734}}
2026-10-06T09:02:33.311Z PAGE[browser tab] {"bench":{"path":"bulk-5/gutenberg-2600-war-and-peace-copy5.epub","sizeMB":1.75,"getFileMsMedian":0.1,"zipjsFirstMs":4.7,"zipjsMedianMs":4.7,"fflateFirstMs":2.8,"fflateMedianMs":2.6,"sliceFirstMs":2.9,"sliceMedianMs":2.9,"sliceBytesRead":106107}}
2026-10-06T09:02:33.311Z PAGE[browser tab] {"bench":{"path":"bulk-5/gutenberg-1399-anna-karenina-copy5.epub","sizeMB":0.98,"getFileMsMedian":0.1,"zipjsFirstMs":2.2,"zipjsMedianMs":1.9,"fflateFirstMs":0.6,"fflateMedianMs":0.6,"sliceFirstMs":3.3,"sliceMedianMs":1.1,"sliceBytesRead":68632}}
2026-10-06T09:02:33.311Z PAGE[browser tab] {"bench":{"path":"bulk-4/gutenberg-4300-ulysses-copy4.epub","sizeMB":1.43,"getFileMsMedian":0.1,"zipjsFirstMs":2.1,"zipjsMedianMs":2,"fflateFirstMs":0.9,"fflateMedianMs":0.8,"sliceFirstMs":1.2,"sliceMedianMs":1.1,"sliceBytesRead":69992}}
2026-10-06T09:02:33.312Z PAGE[browser tab] {"bench":{"path":"bulk-4/gutenberg-345-dracula-copy4.epub","sizeMB":0.57,"getFileMsMedian":0.1,"zipjsFirstMs":2.1,"zipjsMedianMs":2.4,"fflateFirstMs":0.5,"fflateMedianMs":0.7,"sliceFirstMs":1.2,"sliceMedianMs":1.4,"sliceBytesRead":70923}}
2026-10-06T09:02:33.312Z PAGE[browser tab] {"bench":{"path":"bulk-4/gutenberg-2701-moby-dick-copy4.epub","sizeMB":0.78,"getFileMsMedian":0.1,"zipjsFirstMs":2.2,"zipjsMedianMs":2.2,"fflateFirstMs":0.7,"fflateMedianMs":0.5,"sliceFirstMs":1.3,"sliceMedianMs":1.2,"sliceBytesRead":68734}}
2026-10-06T09:02:33.313Z PAGE[browser tab] {"bench":{"path":"bulk-4/gutenberg-2600-war-and-peace-copy4.epub","sizeMB":1.75,"getFileMsMedian":0.1,"zipjsFirstMs":4.4,"zipjsMedianMs":4.6,"fflateFirstMs":2.5,"fflateMedianMs":2.4,"sliceFirstMs":3.1,"sliceMedianMs":2.8,"sliceBytesRead":106107}}
2026-10-06T09:02:33.313Z PAGE[browser tab] {"bench":{"path":"bulk-4/gutenberg-1399-anna-karenina-copy4.epub","sizeMB":0.98,"getFileMsMedian":0.1,"zipjsFirstMs":4.3,"zipjsMedianMs":1.9,"fflateFirstMs":0.6,"fflateMedianMs":0.6,"sliceFirstMs":1.1,"sliceMedianMs":1.1,"sliceBytesRead":68632}}
2026-10-06T09:02:33.314Z PAGE[browser tab] {"bench":{"path":"bulk-3/gutenberg-4300-ulysses-copy3.epub","sizeMB":1.43,"getFileMsMedian":0.1,"zipjsFirstMs":4.4,"zipjsMedianMs":1.8,"fflateFirstMs":1,"fflateMedianMs":0.8,"sliceFirstMs":1.2,"sliceMedianMs":1.1,"sliceBytesRead":69992}}
2026-10-06T09:02:33.314Z PAGE[browser tab] {"bench":{"path":"bulk-3/gutenberg-345-dracula-copy3.epub","sizeMB":0.57,"getFileMsMedian":0.1,"zipjsFirstMs":2,"zipjsMedianMs":2,"fflateFirstMs":0.8,"fflateMedianMs":0.5,"sliceFirstMs":1.4,"sliceMedianMs":1.2,"sliceBytesRead":70923}}
2026-10-06T09:02:33.314Z PAGE[browser tab] {"bench":{"path":"bulk-3/gutenberg-2701-moby-dick-copy3.epub","sizeMB":0.78,"getFileMsMedian":0.1,"zipjsFirstMs":2.1,"zipjsMedianMs":1.8,"fflateFirstMs":0.6,"fflateMedianMs":0.6,"sliceFirstMs":0.9,"sliceMedianMs":1,"sliceBytesRead":68734}}
2026-10-06T09:02:33.315Z PAGE[browser tab] {"bench":{"path":"bulk-3/gutenberg-2600-war-and-peace-copy3.epub","sizeMB":1.75,"getFileMsMedian":0.1,"zipjsFirstMs":4.5,"zipjsMedianMs":4.7,"fflateFirstMs":2.3,"fflateMedianMs":2.4,"sliceFirstMs":2.6,"sliceMedianMs":2.8,"sliceBytesRead":106107}}
2026-10-06T09:02:33.315Z PAGE[browser tab] {"bench":{"path":"bulk-3/gutenberg-1399-anna-karenina-copy3.epub","sizeMB":0.98,"getFileMsMedian":0.1,"zipjsFirstMs":2.4,"zipjsMedianMs":1.9,"fflateFirstMs":0.7,"fflateMedianMs":0.6,"sliceFirstMs":1.1,"sliceMedianMs":1.1,"sliceBytesRead":68632}}
2026-10-06T09:02:33.316Z PAGE[browser tab] {"bench":{"path":"bulk-2/gutenberg-4300-ulysses-copy2.epub","sizeMB":1.43,"getFileMsMedian":0.1,"zipjsFirstMs":2.2,"zipjsMedianMs":1.9,"fflateFirstMs":1.2,"fflateMedianMs":0.8,"sliceFirstMs":1.3,"sliceMedianMs":1.2,"sliceBytesRead":69992}}
2026-10-06T09:02:33.316Z PAGE[browser tab] {"bench":{"path":"bulk-2/gutenberg-345-dracula-copy2.epub","sizeMB":0.57,"getFileMsMedian":0.1,"zipjsFirstMs":1.9,"zipjsMedianMs":1.9,"fflateFirstMs":0.6,"fflateMedianMs":0.6,"sliceFirstMs":1.2,"sliceMedianMs":1.2,"sliceBytesRead":70923}}
2026-10-06T09:02:33.316Z PAGE[browser tab] {"bench":{"path":"bulk-2/gutenberg-2701-moby-dick-copy2.epub","sizeMB":0.78,"getFileMsMedian":0.1,"zipjsFirstMs":1.9,"zipjsMedianMs":2.1,"fflateFirstMs":0.5,"fflateMedianMs":0.6,"sliceFirstMs":1.1,"sliceMedianMs":1.3,"sliceBytesRead":68734}}
2026-10-06T09:02:33.317Z PAGE[browser tab] {"bench":{"path":"bulk-2/gutenberg-2600-war-and-peace-copy2.epub","sizeMB":1.75,"getFileMsMedian":0.1,"zipjsFirstMs":5,"zipjsMedianMs":5,"fflateFirstMs":2.6,"fflateMedianMs":2.6,"sliceFirstMs":2.7,"sliceMedianMs":2.9,"sliceBytesRead":106107}}
2026-10-06T09:02:33.317Z PAGE[browser tab] {"bench":{"path":"bulk-2/gutenberg-1399-anna-karenina-copy2.epub","sizeMB":0.98,"getFileMsMedian":0.1,"zipjsFirstMs":2.3,"zipjsMedianMs":2.1,"fflateFirstMs":0.8,"fflateMedianMs":0.7,"sliceFirstMs":1.6,"sliceMedianMs":1.2,"sliceBytesRead":68632}}
2026-10-06T09:02:33.318Z PAGE[browser tab] {"bench":{"path":"bulk-1/gutenberg-4300-ulysses-copy1.epub","sizeMB":1.43,"getFileMsMedian":0.1,"zipjsFirstMs":2,"zipjsMedianMs":2.1,"fflateFirstMs":1.2,"fflateMedianMs":0.9,"sliceFirstMs":1.3,"sliceMedianMs":1.3,"sliceBytesRead":69992}}
2026-10-06T09:02:33.318Z PAGE[browser tab] {"bench":{"path":"bulk-1/gutenberg-345-dracula-copy1.epub","sizeMB":0.57,"getFileMsMedian":0.1,"zipjsFirstMs":2.4,"zipjsMedianMs":2.2,"fflateFirstMs":0.7,"fflateMedianMs":0.6,"sliceFirstMs":1.4,"sliceMedianMs":1.3,"sliceBytesRead":70923}}
2026-10-06T09:02:33.319Z PAGE[browser tab] {"bench":{"path":"bulk-1/gutenberg-2701-moby-dick-copy1.epub","sizeMB":0.78,"getFileMsMedian":0.1,"zipjsFirstMs":1.9,"zipjsMedianMs":1.8,"fflateFirstMs":0.6,"fflateMedianMs":0.6,"sliceFirstMs":1.1,"sliceMedianMs":1.1,"sliceBytesRead":68734}}
2026-10-06T09:02:33.319Z PAGE[browser tab] {"bench":{"path":"bulk-1/gutenberg-2600-war-and-peace-copy1.epub","sizeMB":1.75,"getFileMsMedian":0.1,"zipjsFirstMs":4.5,"zipjsMedianMs":4.7,"fflateFirstMs":2.4,"fflateMedianMs":2.4,"sliceFirstMs":3,"sliceMedianMs":2.7,"sliceBytesRead":106107}}
2026-10-06T09:02:33.320Z PAGE[browser tab] {"bench":{"path":"bulk-1/gutenberg-1399-anna-karenina-copy1.epub","sizeMB":0.98,"getFileMsMedian":0.1,"zipjsFirstMs":2.1,"zipjsMedianMs":1.8,"fflateFirstMs":0.6,"fflateMedianMs":0.6,"sliceFirstMs":1,"sliceMedianMs":1.1,"sliceBytesRead":68632}}
2026-10-06T09:02:33.320Z PAGE[browser tab] {"bench":{"path":"bulk-0/gutenberg-4300-ulysses-copy0.epub","sizeMB":1.43,"getFileMsMedian":0.1,"zipjsFirstMs":1.8,"zipjsMedianMs":1.9,"fflateFirstMs":1,"fflateMedianMs":0.8,"sliceFirstMs":1.3,"sliceMedianMs":1.1,"sliceBytesRead":69992}}
2026-10-06T09:02:33.321Z PAGE[browser tab] {"bench":{"path":"bulk-0/gutenberg-345-dracula-copy0.epub","sizeMB":0.57,"getFileMsMedian":0.1,"zipjsFirstMs":2,"zipjsMedianMs":2,"fflateFirstMs":0.5,"fflateMedianMs":0.6,"sliceFirstMs":1.1,"sliceMedianMs":1.2,"sliceBytesRead":70923}}
2026-10-06T09:02:33.322Z PAGE[browser tab] {"bench":{"path":"bulk-0/gutenberg-2701-moby-dick-copy0.epub","sizeMB":0.78,"getFileMsMedian":0.1,"zipjsFirstMs":1.5,"zipjsMedianMs":1.8,"fflateFirstMs":0.6,"fflateMedianMs":0.6,"sliceFirstMs":1,"sliceMedianMs":1.1,"sliceBytesRead":68734}}
2026-10-06T09:02:33.322Z PAGE[browser tab] {"bench":{"path":"bulk-0/gutenberg-2600-war-and-peace-copy0.epub","sizeMB":1.75,"getFileMsMedian":0.1,"zipjsFirstMs":4.4,"zipjsMedianMs":4.7,"fflateFirstMs":2.4,"fflateMedianMs":2.5,"sliceFirstMs":2.6,"sliceMedianMs":2.7,"sliceBytesRead":106107}}
2026-10-06T09:02:33.323Z PAGE[browser tab] {"bench":{"path":"bulk-0/gutenberg-1399-anna-karenina-copy0.epub","sizeMB":0.98,"getFileMsMedian":0.1,"zipjsFirstMs":5,"zipjsMedianMs":1.8,"fflateFirstMs":0.6,"fflateMedianMs":0.6,"sliceFirstMs":1.1,"sliceMedianMs":1,"sliceBytesRead":68632}}
2026-10-06T09:02:33.353Z PAGE[browser tab] {"opfs":{"writeMs":4,"readMs":1.4,"equal":true,"size":3145728,"copyFromFolder":{"name":"gutenberg-2600-war-and-peace.epub","size":1832521,"ms":2.8},"persistedBefore":false,"persist":false,"persistedAfter":false,"estimate":{"quotaMB":8252,"usageMB":59.9}}}
2026-10-06T09:03:20.052Z PAGE[STANDALONE (installed)] load / mode=STANDALONE (installed)
2026-10-06T09:03:20.055Z PAGE[STANDALONE (installed)] sw registered
2026-10-06T09:03:20.100Z PAGE[STANDALONE (installed)] {"onLoad":{"handle":"Books","query":"prompt"}}
2026-10-06T09:03:20.129Z PAGE[STANDALONE (installed)] {"onLoadFile":{"name":"gutenberg-1399-anna-karenina.epub","query":"prompt","readSizeWithoutRequest":"NotAllowedError: Failed to execute 'getFile' on 'FileSystemFileHandle': The request is not allowed by the user agent or the platform in the current context."}}
2026-10-06T09:03:25.669Z PAGE[STANDALONE (installed)] load / mode=STANDALONE (installed)
2026-10-06T09:03:25.673Z PAGE[STANDALONE (installed)] sw registered
2026-10-06T09:03:25.678Z PAGE[STANDALONE (installed)] {"onLoad":{"handle":"Books","query":"prompt"}}
2026-10-06T09:03:25.678Z PAGE[STANDALONE (installed)] {"onLoadFile":{"name":"gutenberg-1399-anna-karenina.epub","query":"prompt","readSizeWithoutRequest":"NotAllowedError: Failed to execute 'getFile' on 'FileSystemFileHandle': The request is not allowed by the user agent or the platform in the current context."}}
2026-10-06T09:03:30.792Z PAGE[STANDALONE (installed)] {"perm":{"name":"Books","query":"prompt","queryMs":0.7,"request":"granted","requestMs":2033.9,"queryAfter":"granted","listing":"gutenberg-1399-anna-karenina.epub"}}
2026-10-06T09:03:32.943Z PAGE[STANDALONE (installed)] {"perm":{"name":"Books","query":"granted","queryMs":0.2,"listing":"gutenberg-1399-anna-karenina.epub"}}
=== MARK E5 pwa granted, HOME, am kill (background process killed like low memory), return
2026-10-06T09:03:39.743Z PAGE[STANDALONE (installed)] load / mode=STANDALONE (installed)
2026-10-06T09:03:39.744Z PAGE[STANDALONE (installed)] sw registered
2026-10-06T09:03:39.809Z PAGE[STANDALONE (installed)] {"onLoad":{"handle":"Books","query":"prompt"}}
2026-10-06T09:03:39.841Z PAGE[STANDALONE (installed)] {"onLoadFile":{"name":"gutenberg-1399-anna-karenina.epub","query":"prompt","readSizeWithoutRequest":"NotAllowedError: Failed to execute 'getFile' on 'FileSystemFileHandle': The request is not allowed by the user agent or the platform in the current context."}}
2026-10-06T09:07:41.480Z PAGE[STANDALONE (installed)] {"env":{"ua":"Mozilla/5.0 (Linux; Android 10; K) AppleWebKit/537.36 (KHTML, like Gecko) Chrome/145.0.0.0 Mobile Safari/537.36","secure":true,"mode":"STANDALONE (installed)","origin":"http://localhost:3126","showDirectoryPicker":"function","showOpenFilePicker":"function","showSaveFilePicker":"function","storageGetDirectory":"function","storagePersist":"function","serviceWorker":true,"controller":false,"estimate":{"quota":3736869273,"usage":4715300,"usageDetails":{"caches":4710144,"indexedDB":2804,"serviceWorkerRegistrations":2352}},"memory":{"usedKB":9766,"limitMB":1020}}}
2026-10-06T09:08:06.753Z PAGE[STANDALONE (installed)] {"pickDir":"ok","name":"Books","kind":"directory","ms":25231.7}
2026-10-06T09:08:06.761Z PAGE[STANDALONE (installed)] handle stored in IndexedDB
